eeschema (2012-01-19 BZR 3256)-stable  >> Creation date: 9/27/2012 9:19:40 AM

#Cmp ( order = Reference )
| BT1        CR2032      
| BUS1       BUSAT_HOST  
| C1         0.1uF       
| C2         0.1uF       
| C3         0.1uF       
| C4         0.1uF       
| C5         0.1uF       
| C6         0.1uF       
| C7         0.1uF       
| C8         0.1uF       
| C9         0.1uF       
| C10        0.1uF       
| C11        0.1uF       
| C12        0.1uF       
| C13        0.1uF       
| C14        0.1uF       
| C15        0.1uF       
| C16        0.1uF       
| C17        0.1uF       
| C18        0.1uF       
| C19        0.1uF       
| C20        0.1uF       
| C21        0.1uF       
| C22        0.1uF       
| C23        0.1uF       
| C24        0.1uF       
| C25        0.1uF       
| C26        0.1uF       
| C27        0.1uF       
| C28        0.1uF       
| C29        0.1uF       
| C30        0.1uF       
| C31        0.1uF       
| C32        0.1uF       
| C33        0.1uF       
| C34        0.1uF       
| C35        0.1uF       
| C36        0.1uF       
| C37        0.1uF       
| C38        0.1uF       
| C39        0.1uF       
| C40        0.1uF       
| C41        0.1uF       
| C42        0.1uF       
| C43        0.1uF       
| C44        0.1uF       
| C45        0.1uF       
| C46        0.1uF       
| C47        10uF        
| C48        10uF        
| C49        10uF        
| C50        10uF        
| C51        10uF        
| C52        33pF        
| C53        33pF        
| C54        5-30pF      
| C55        47pF        
| C56        47pF        
| C57        47pF        
| C58        47pF        
| C59        0.01uF      
| D1         1N4148      
| D2         POWER_LED   
| D3         TURBO_LED   
| F1         1.1A        
| HOLE1      CONN_1      
| HOLE2      CONN_1      
| J1         RESET       
| J2         TURBO       
| J3         IRQ12       
| J4         ISA16_ENA   
| J5         CLR_NVRAM   
| P1         KEYBOARD    
| P2         MOUSE       
| P3         SPEAKER     
| P4         +PLED       
| P5         +TLED       
| Q1         PN2222A     
| R1         100k        
| R2         470         
| R3         10k         
| R4         470         
| R5         470         
| R6         1k          
| R7         33          
| R8         510         
| R9         510         
| RR1        10k         
| RR2        10k         
| RR3        10k         
| RR4        10k         
| RR5        10k         
| RR6        470         
| SP1        SPEAKER     
| SW1        RESET       
| SW2        MEM_CFG     
| SW3        NUM_WS      
| U1         8284        
| U2         8088        
| U3         8087        
| U4         8288        
| U5         8259        
| U6         8259        
| U7         8237        
| U8         8254        
| U9         8242KBD     
| U10        DS12885     
| U11        AS6C4008    
| U12        AS6C4008    
| U13        29F010      
| U14        74LS670     
| U15        74F573      
| U16        74F573      
| U17        74F573      
| U18        74F245      
| U19        74F245      
| U20        74F245      
| U21        74F245      
| U22        74F244      
| U23        74F244      
| U24        74ALS175    
| U25        74ALS175    
| U26        74ALS175    
| U27        74ALS139    
| U28        74ALS139    
| U29        74ALS138    
| U30        74LS92      
| U31        74ALS74     
| U32        74ALS74     
| U33        74ALS74     
| U34        74ALS32     
| U35        74ALS32     
| U36        74ALS20     
| U37        74ALS11     
| U38        74LS06      
| U39        74ALS04     
| U40        74ALS04     
| U41        74ALS02     
| U42        74ALS02     
| U43        74ALS00     
| U44        74ALS00     
| U45        74ALS00     
| U46        24MHz       
| X1         14.31818MHz 
| X2         32768Hz     
#End Cmp

#Cmp ( order = Value )
| +PLED        P4        
| +TLED        P5        
| 0.01uF       C59       
| 0.1uF        C1        
| 0.1uF        C2        
| 0.1uF        C3        
| 0.1uF        C4        
| 0.1uF        C5        
| 0.1uF        C6        
| 0.1uF        C7        
| 0.1uF        C8        
| 0.1uF        C9        
| 0.1uF        C10       
| 0.1uF        C11       
| 0.1uF        C12       
| 0.1uF        C13       
| 0.1uF        C14       
| 0.1uF        C15       
| 0.1uF        C16       
| 0.1uF        C17       
| 0.1uF        C18       
| 0.1uF        C19       
| 0.1uF        C20       
| 0.1uF        C21       
| 0.1uF        C22       
| 0.1uF        C23       
| 0.1uF        C24       
| 0.1uF        C25       
| 0.1uF        C26       
| 0.1uF        C27       
| 0.1uF        C28       
| 0.1uF        C29       
| 0.1uF        C30       
| 0.1uF        C31       
| 0.1uF        C32       
| 0.1uF        C33       
| 0.1uF        C34       
| 0.1uF        C35       
| 0.1uF        C36       
| 0.1uF        C37       
| 0.1uF        C38       
| 0.1uF        C39       
| 0.1uF        C40       
| 0.1uF        C41       
| 0.1uF        C42       
| 0.1uF        C43       
| 0.1uF        C44       
| 0.1uF        C45       
| 0.1uF        C46       
| 1.1A         F1        
| 100k         R1        
| 10k          R3        
| 10k          RR1       
| 10k          RR2       
| 10k          RR3       
| 10k          RR4       
| 10k          RR5       
| 10uF         C47       
| 10uF         C48       
| 10uF         C49       
| 10uF         C50       
| 10uF         C51       
| 14.31818MHz  X1        
| 1k           R6        
| 1N4148       D1        
| 24MHz        U46       
| 29F010       U13       
| 32768Hz      X2        
| 33           R7        
| 33pF         C52       
| 33pF         C53       
| 470          R2        
| 470          R4        
| 470          R5        
| 470          RR6       
| 47pF         C55       
| 47pF         C56       
| 47pF         C57       
| 47pF         C58       
| 5-30pF       C54       
| 510          R8        
| 510          R9        
| 74ALS00      U43       
| 74ALS00      U44       
| 74ALS00      U45       
| 74ALS02      U41       
| 74ALS02      U42       
| 74ALS04      U39       
| 74ALS04      U40       
| 74ALS11      U37       
| 74ALS138     U29       
| 74ALS139     U27       
| 74ALS139     U28       
| 74ALS175     U24       
| 74ALS175     U25       
| 74ALS175     U26       
| 74ALS20      U36       
| 74ALS32      U34       
| 74ALS32      U35       
| 74ALS74      U31       
| 74ALS74      U32       
| 74ALS74      U33       
| 74F244       U22       
| 74F244       U23       
| 74F245       U18       
| 74F245       U19       
| 74F245       U20       
| 74F245       U21       
| 74F573       U15       
| 74F573       U16       
| 74F573       U17       
| 74LS06       U38       
| 74LS670      U14       
| 74LS92       U30       
| 8087         U3        
| 8088         U2        
| 8237         U7        
| 8242KBD      U9        
| 8254         U8        
| 8259         U5        
| 8259         U6        
| 8284         U1        
| 8288         U4        
| AS6C4008     U11       
| AS6C4008     U12       
| BUSAT_HOST   BUS1      
| CLR_NVRAM    J5        
| CONN_1       HOLE1     
| CONN_1       HOLE2     
| CR2032       BT1       
| DS12885      U10       
| IRQ12        J3        
| ISA16_ENA    J4        
| KEYBOARD     P1        
| MEM_CFG      SW2       
| MOUSE        P2        
| NUM_WS       SW3       
| PN2222A      Q1        
| POWER_LED    D2        
| RESET        J1        
| RESET        SW1       
| SPEAKER      P3        
| SPEAKER      SP1       
| TURBO        J2        
| TURBO_LED    D3        
#End Cmp

#End List
